// Vitest Snapshot v1, https://vitest.dev/guide/snapshot.html

exports[`InputMenu > renders with as correctly 1`] = `
"<div dir="ltr" class="relative">
  <div class="relative"><input type="text" class="relative block w-full disabled:cursor-not-allowed disabled:opacity-75 focus:outline-none border-0 rounded-md placeholder-gray-400 dark:placeholder-gray-500 px-2.5 py-1.5 text-sm shadow-sm bg-white dark:bg-gray-900 text-gray-900 dark:text-white ring ring-inset ring-gray-300 dark:ring-gray-700 focus:ring-2 focus:ring-primary-500 dark:focus:ring-primary-400 pr-9" aria-expanded="false" aria-controls="" aria-disabled="false" aria-autocomplete="list" role="combobox" autocomplete="false">
    <!--v-if--><span class="absolute inset-y-0 end-0 flex items-center pr-2.5"><button type="button" tabindex="-1" aria-label="Show popup" aria-haspopup="listbox" aria-expanded="false" aria-controls="" data-state="closed" aria-disabled="false" class="flex"><span class="iconify i-heroicons:chevron-down-20-solid shrink-0 text-gray-400 dark:text-gray-500 size-5" aria-hidden="true"></span></button></span>
  </div>
  <!--teleport start-->
  <!--teleport end-->
  <!---->
</div>"
`;

exports[`InputMenu > renders with class correctly 1`] = `
"<div dir="ltr" class="relative">
  <div class="relative"><input type="text" class="relative block w-full disabled:cursor-not-allowed disabled:opacity-75 focus:outline-none border-0 rounded-md placeholder-gray-400 dark:placeholder-gray-500 px-2.5 py-1.5 text-sm shadow-sm bg-white dark:bg-gray-900 text-gray-900 dark:text-white ring ring-inset ring-gray-300 dark:ring-gray-700 focus:ring-2 focus:ring-primary-500 dark:focus:ring-primary-400 pr-9" aria-expanded="false" aria-controls="" aria-disabled="false" aria-autocomplete="list" role="combobox" autocomplete="false">
    <!--v-if--><span class="absolute inset-y-0 end-0 flex items-center pr-2.5"><button type="button" tabindex="-1" aria-label="Show popup" aria-haspopup="listbox" aria-expanded="false" aria-controls="" data-state="closed" aria-disabled="false" class="flex"><span class="iconify i-heroicons:chevron-down-20-solid shrink-0 text-gray-400 dark:text-gray-500 size-5" aria-hidden="true"></span></button></span>
  </div>
  <!--teleport start-->
  <!--teleport end-->
  <!---->
</div>"
`;

exports[`InputMenu > renders with default slot correctly 1`] = `
"<div dir="ltr" class="relative">
  <div class="relative"><input type="text" class="relative block w-full disabled:cursor-not-allowed disabled:opacity-75 focus:outline-none border-0 rounded-md placeholder-gray-400 dark:placeholder-gray-500 px-2.5 py-1.5 text-sm shadow-sm bg-white dark:bg-gray-900 text-gray-900 dark:text-white ring ring-inset ring-gray-300 dark:ring-gray-700 focus:ring-2 focus:ring-primary-500 dark:focus:ring-primary-400 pr-9" aria-expanded="false" aria-controls="" aria-disabled="false" aria-autocomplete="list" role="combobox" autocomplete="false">
    <!--v-if--><span class="absolute inset-y-0 end-0 flex items-center pr-2.5"><button type="button" tabindex="-1" aria-label="Show popup" aria-haspopup="listbox" aria-expanded="false" aria-controls="" data-state="closed" aria-disabled="false" class="flex"><span class="iconify i-heroicons:chevron-down-20-solid shrink-0 text-gray-400 dark:text-gray-500 size-5" aria-hidden="true"></span></button></span>
  </div>
  <!--teleport start-->
  <!--teleport end-->
  <!---->
</div>"
`;

exports[`InputMenu > renders with ui correctly 1`] = `
"<div dir="ltr" class="relative">
  <div class="relative"><input type="text" class="relative block w-full disabled:cursor-not-allowed disabled:opacity-75 focus:outline-none border-0 rounded-md placeholder-gray-400 dark:placeholder-gray-500 px-2.5 py-1.5 text-sm shadow-sm bg-white dark:bg-gray-900 text-gray-900 dark:text-white ring ring-inset ring-gray-300 dark:ring-gray-700 focus:ring-2 focus:ring-primary-500 dark:focus:ring-primary-400 pr-9" aria-expanded="false" aria-controls="" aria-disabled="false" aria-autocomplete="list" role="combobox" autocomplete="false">
    <!--v-if--><span class="absolute inset-y-0 end-0 flex items-center pr-2.5"><button type="button" tabindex="-1" aria-label="Show popup" aria-haspopup="listbox" aria-expanded="false" aria-controls="" data-state="closed" aria-disabled="false" class="flex"><span class="iconify i-heroicons:chevron-down-20-solid shrink-0 text-gray-400 dark:text-gray-500 size-5" aria-hidden="true"></span></button></span>
  </div>
  <!--teleport start-->
  <!--teleport end-->
  <!---->
</div>"
`;
